A1 1.0 {'cov': 0.28510499023844377, 'N1': 0.28510499023844377, 'N2': 0.28510499023844377}
A1 0.99 {'cov': 0.35782008966498463, 'N1': 0.290133400896165, 'N2': 0.3085246990152745}
A1 0.95 {'cov': 0.5647277582872824, 'N1': 0.28479678167448297, 'N2': 0.3779251302147756}
A1 0.9 {'cov': 0.6985658353808619, 'N1': 0.25306981880159685, 'N2': 0.430411330934964}
A1 0.8 {'cov': 0.7643715400030264, 'N1': 0.1956193683672795, 'N2': 0.5089923447687652}
A1 0.7 {'cov': 0.6930438788781572, 'N1': 0.1464825464995086, 'N2': 0.5519119974584031}
A1 conv {'kmax8_nk321': 0.7643826553468736, 'kmax8_nk161': 0.7643825527238006, 'kmax12_nk481': 0.7649679507738081}
A2 0.95 {'both': {'T2_eff': 1.8578390591974174, 'mismatch': 0.01089475014019474, 'Z_n': 0.0017758701574676935, 'Z_p': 0.020013630122921785, 'n_peak_surrogate': 0.2621565087920794, 'n_res_surrogate': 0.17620713724501563}, 'n': {'T2_eff': 1.6597054432026261, 'mismatch': 0.0015796474680504452, 'Z_n': 0.0015796474680504452, 'Z_p': 0.023993436270137385, 'n_peak_surrogate': 0.2604455852647919, 'n_res_surrogate': 0.1781579565760114}, 'p': {'T2_eff': 1.8675866999441155, 'mismatch': 0.02000501452414159, 'Z_n': 0.0017937444283278043, 'Z_p': 0.02000501452414159, 'n_peak_surrogate': 0.2622515068520292, 'n_res_surrogate': 0.17612369571178743}, 'both_T1_free': {'T1_eff': 40.60247050035972, 'T2_eff': 1.859470600063307, 'mismatch': 0.01089034015212004, 'Z_n': 0.0017866500895363869, 'Z_p': 0.019994030214703695, 'n_peak_surrogate': 0.26233114584909006, 'n_res_surrogate': 0.17720927227886785, 'converged': True}, 'mismatch_with_nominal_T2': 2.413031866101621, 'n_peak_fractional': 0.2580150581099119, 'n_res_fractional': 0.17641729212446822}
A2 0.9 {'both': {'T2_eff': 0.9186928228391479, 'mismatch': 0.013388484014561542, 'Z_n': 0.011824921254916436, 'Z_p': 0.014952046774206647, 'n_peak_surrogate': 0.26299863866658935, 'n_res_surrogate': 0.19339767425247306}, 'n': {'T2_eff': 0.40157457471285746, 'mismatch': 0.001221111622457156, 'Z_n': 0.001221111622457156, 'Z_p': 0.1600513275742565, 'n_peak_surrogate': 0.2761904274916456, 'n_res_surrogate': 0.2119805858996096}, 'p': {'T2_eff': 0.9688174799177486, 'mismatch': 0.014127147848018138, 'Z_n': 0.013508236617529342, 'Z_p': 0.014127147848018138, 'n_peak_surrogate': 0.262074109999754, 'n_res_surrogate': 0.19175099726889155}, 'both_T1_free': {'T1_eff': 74.25051534772071, 'T2_eff': 0.9663665667983306, 'mismatch': 0.00962446337043759, 'Z_n': 0.0056809757740140816, 'Z_p': 0.013567950966861097, 'n_peak_surrogate': 0.2680188561119801, 'n_res_surrogate': 0.2290424874831285, 'converged': True}, 'mismatch_with_nominal_T2': 4.996606355951171, 'n_peak_fractional': 0.28277495979594547, 'n_res_fractional': 0.21194207300958218}
A2 0.8 {'both': {'T2_eff': 0.5128213591092142, 'mismatch': 0.03318926580330117, 'Z_n': 0.03284101126426622, 'Z_p': 0.033537520342336126, 'n_peak_surrogate': 0.2740273583182185, 'n_res_surrogate': 0.20951943621552405}, 'n': {'T2_eff': 0.4013893478626598, 'mismatch': 0.030047099792566416, 'Z_n': 0.030047099792566416, 'Z_p': 0.05376028981625416, 'n_peak_surrogate': 0.27619072042353415, 'n_res_surrogate': 0.21198124815541736}, 'p': {'T2_eff': 0.533299249510305, 'mismatch': 0.03309342606556698, 'Z_n': 0.03377885165017244, 'Z_p': 0.03309342606556698, 'n_peak_surrogate': 0.27356118139760904, 'n_res_surrogate': 0.2087808796759758}, 'both_T1_free': {'T1_eff': 105.30876548891864, 'T2_eff': 0.5373761278970066, 'mismatch': 0.026519043351928236, 'Z_n': 0.022805207118524257, 'Z_p': 0.030232879585332217, 'n_peak_surrogate': 0.29137568275730596, 'n_res_surrogate': 0.26428414966498937, 'converged': True}, 'mismatch_with_nominal_T2': 9.64730017162887, 'n_peak_fractional': 0.3377828661087982, 'n_res_fractional': 0.2289314973579597}
A2 0.7 {'both': {'T2_eff': 0.407874418018528, 'mismatch': 0.05562053460434248, 'Z_n': 0.044259834079389035, 'Z_p': 0.06698123512929592, 'n_peak_surrogate': 0.2761684943417107, 'n_res_surrogate': 0.2119487049806441}, 'n': {'T2_eff': 0.40422984653733096, 'mismatch': 0.04425612261371633, 'Z_n': 0.04425612261371633, 'Z_p': 0.06700968716071705, 'n_peak_surrogate': 0.2761839917223132, 'n_res_surrogate': 0.2119693444763559}, 'p': {'T2_eff': 0.4085393927769995, 'mismatch': 0.06698063226081935, 'Z_n': 0.04426131764590479, 'Z_p': 0.06698063226081935, 'n_peak_surrogate': 0.27616485409759917, 'n_res_surrogate': 0.21194430356959348}, 'both_T1_free': {'T1_eff': 68.46956001239906, 'T2_eff': 0.4165748025937909, 'mismatch': 0.05255476037859337, 'Z_n': 0.04154242113298345, 'Z_p': 0.0635670996242033, 'n_peak_surrogate': 0.288832908639015, 'n_res_surrogate': 0.24816267925904778, 'converged': True}, 'mismatch_with_nominal_T2': 13.454739061504503, 'n_peak_fractional': 0.35235981106848, 'n_res_fractional': 0.20813704908577585}
A3 {'tau_m_0.5': {'cov': 0.24608868442321485, 'N1': 0.07107445036434289, 'N2': 0.20773917067644235}, 'tau_m_1': {'cov': 0.2289314973579597, 'N1': 0.06366836212069156, 'N2': 0.1605689809369858}, 'tau_m_2': {'cov': 0.21300401838360183, 'N1': 0.056387861856194064, 'N2': 0.1209216964633415}}
A4 0.9 {'gauge_fraction_0': 0.07933616419447082, 'gauge_fraction_0.5': 0.0987618077877147, 'gauge_fraction_1': 0.1509195073560684}
A4 0.8 {'gauge_fraction_0': 0.06367146429290321, 'gauge_fraction_0.5': 0.08142383796731356, 'gauge_fraction_1': 0.1383367504818075}
A4 0.7 {'gauge_fraction_0': 0.04827285600881326, 'gauge_fraction_0.5': 0.06715729895855826, 'gauge_fraction_1': 0.12147177418485466}
A5 1.0 {'cov': 0.157607644326331, 'N1': 0.157607644326331, 'N2': 0.157607644326331}
A5 0.995 {'cov': 0.15480395988428422, 'N1': 0.14407745965927093, 'N2': 0.14825041592161872}
A5 0.99 {'cov': 0.15389564214032633, 'N1': 0.13288367823007471, 'N2': 0.1407569781325666}
A5 0.95 {'cov': 0.17641755153238348, 'N1': 0.0897351308799773, 'N2': 0.11923853302581784}
A5 0.9 {'cov': 0.21194260244472318, 'N1': 0.07933243473106398, 'N2': 0.13240457899903238}
A5 0.85 {'cov': 0.22802840145835246, 'N1': 0.07228911129041905, 'N2': 0.14896951554336108}
A5 0.8 {'cov': 0.2289315068343197, 'N1': 0.06366829187262645, 'N2': 0.1605688510367707}
A5 0.75 {'cov': 0.2211839556966876, 'N1': 0.05561688589941934, 'N2': 0.16959509549535082}
A5 0.7 {'cov': 0.20813705528899484, 'N1': 0.04827101468364847, 'N2': 0.17632265902655808}
A6 {'alpha': 0.8, 'rows': {'8': {'markov': 0.19347272024885914, 'cov': 0.29330142721140856, 'N1': 0.08295177794089648, 'N2': 0.17756191933897958}, '16': {'markov': 0.157607644326331, 'cov': 0.22893366525598674, 'N1': 0.06367146429290321, 'N2': 0.16057121247824752}, '30': {'markov': 0.1110643268374426, 'cov': 0.16903933069330657, 'N1': 0.04662934213931097, 'N2': 0.13829194018864477}, '60': {'markov': 0.052463073200704424, 'cov': 0.10553598562595007, 'N1': 0.02894468867710359, 'N2': 0.10608539180663634}}}
written data/tables.json
