test 1 {
 "alpha0.7_l1": {
  "N": [
   250,
   500,
   1000,
   2000,
   4000
  ],
  "max_error": [
   0.0001304199028355421,
   5.881737793199393e-05,
   2.8245993943409875e-05,
   1.3923443826384385e-05,
   6.931804307455658e-06
  ],
  "observed_order": [
   1.1488496743333583,
   1.0581962022625633,
   1.0205301766129173,
   1.006213260400395
  ]
 },
 "alpha0.7_bdf2": {
  "N": [
   250,
   500,
   1000,
   2000,
   4000
  ],
  "max_error": [
   1.5294181894977277e-05,
   3.6593087836961358e-06,
   8.993355746708676e-07,
   2.2318852208047524e-07,
   5.560889818762016e-08
  ],
  "observed_order": [
   2.063339872430311,
   2.024639716769495,
   2.0105967023880016,
   2.0048751780167864
  ]
 },
 "alpha0.9_l1": {
  "N": [
   250,
   500,
   1000,
   2000,
   4000
  ],
  "max_error": [
   0.027115987838549516,
   0.013780885329344517,
   0.006718463982703593,
   0.0032099822059078464,
   0.0015192528784220283
  ],
  "observed_order": [
   0.9764751543681901,
   1.0364652366446812,
   1.065566132741488,
   1.0792032747306117
  ]
 },
 "alpha0.9_bdf2": {
  "N": [
   250,
   500,
   1000,
   2000,
   4000
  ],
  "max_error": [
   0.0029366250630337015,
   0.0007426135873515455,
   0.00018635150045837046,
   4.665592024268028e-05,
   1.1671388287531892e-05
  ],
  "observed_order": [
   1.983475462626189,
   1.9945852765870087,
   1.9978943717188071,
   1.9990839816749486
  ]
 }
}
test 2 {'alpha0.7': {'N': 1240, 'bdf2_state_form': 9.880984919163893e-15, 'l1_increment_form': 5.329070518200751e-15}, 'alpha0.95': {'N': 1240, 'bdf2_state_form': 4.3298697960381105e-14, 'l1_increment_form': 4.674038933671909e-14}}
test 3 {
 "alpha0.7_fixed": {
  "N": [
   1550,
   3100,
   6200,
   12400
  ],
  "n_res": [
   0.20815671372496536,
   0.20814193181916213,
   0.20813826976912242,
   0.20813735890902674
  ],
  "successive_differences": [
   1.4781905803229467e-05,
   3.6620500397099853e-06,
   9.108600956819757e-07
  ],
  "observed_order": [
   2.0131088754835713,
   2.0073501206245763
  ],
  "richardson": 0.20813705528899484,
  "error_vs_richardson": [
   1.965843597051542e-05,
   4.876530167285953e-06,
   1.2144801275759676e-06,
   3.036200318939919e-07
  ]
 },
 "alpha0.7_naive": {
  "N": [
   1550,
   3100,
   6200,
   12400
  ],
  "n_res": [
   0.04829951225662932,
   0.04827830853344428,
   0.04827285600881326,
   0.04827147501493967
  ],
  "successive_differences": [
   2.120372318503705e-05,
   5.452524631022193e-06,
   1.3809938735898086e-06
  ],
  "observed_order": [
   1.9593213242705152,
   1.981217462575846
  ],
  "richardson": 0.04827101468364847,
  "error_vs_richardson": [
   2.8497572980845653e-05,
   7.293849795808605e-06,
   1.8413251647864115e-06,
   4.603312911966029e-07
  ]
 },
 "alpha0.7_notransport": {
  "N": [
   1550,
   3100,
   6200,
   12400
  ],
  "n_res": [
   0.1763422267889499,
   0.17632807761828023,
   0.17632407293166136,
   0.1763230125028339
  ],
  "successive_differences": [
   1.4149170669663924e-05,
   4.004686618874764e-06,
   1.0604288274707052e-06
  ],
  "observed_order": [
   1.8209562382514173,
   1.9170415558522416
  ],
  "richardson": 0.17632265902655808,
  "error_vs_richardson": [
   1.956776239181446e-05,
   5.418591722150534e-06,
   1.41390510327577e-06,
   3.534762758050647e-07
  ]
 },
 "alpha0.7_fixed_l1": {
  "N": [
   1550,
   3100,
   6200,
   12400
  ],
  "n_res": [
   0.20853212104779384,
   0.2082992214257442,
   0.20820330023523204,
   0.20816404755206086
  ],
  "error_vs_bdf2_richardson": [
   0.00039506575879899586,
   0.0001621661367493532,
   6.624494623719279e-05,
   2.6992263066016875e-05
  ]
 },
 "alpha0.9_fixed": {
  "N": [
   1550,
   3100,
   6200,
   12400
  ],
  "n_res": [
   0.21207920001152192,
   0.21197249502699655,
   0.21194967851393576,
   0.21194437146202633
  ],
  "successive_differences": [
   0.00010670498452536314,
   2.2816513060797128e-05,
   5.3070519094311486e-06
  ],
  "observed_order": [
   2.2254773371967644,
   2.1040957630032526
  ],
  "richardson": 0.21194260244472318,
  "error_vs_richardson": [
   0.00013659756679873514,
   2.9892582273371993e-05,
   7.076069212574865e-06,
   1.7690173031437162e-06
  ]
 },
 "alpha0.9_naive": {
  "N": [
   1550,
   3100,
   6200,
   12400
  ],
  "n_res": [
   0.07941754787339078,
   0.07934897709707206,
   0.07933616419447082,
   0.07933336709691569
  ],
  "successive_differences": [
   6.857077631872155e-05,
   1.281290260124468e-05,
   2.7970975551294686e-06
  ],
  "observed_order": [
   2.419996518613196,
   2.195594859972811
  ],
  "richardson": 0.07933243473106398,
  "error_vs_richardson": [
   8.51131423268009e-05,
   1.6542366008079346e-05,
   3.7294634068346655e-06,
   9.323658517051969e-07
  ]
 },
 "alpha0.9_notransport": {
  "N": [
   1550,
   3100,
   6200,
   12400
  ],
  "n_res": [
   0.13254423151765615,
   0.13243256035656242,
   0.13241096508090427,
   0.13240617551950035
  ],
  "successive_differences": [
   0.00011167116109372932,
   2.159527565814834e-05,
   4.7895614039283885e-06
  ],
  "observed_order": [
   2.3704690227303336,
   2.1727502775559246
  ],
  "richardson": 0.13240457899903238,
  "error_vs_richardson": [
   0.00013965251862377293,
   2.7981357530043605e-05,
   6.386081871895266e-06,
   1.5965204679668776e-06
  ]
 },
 "alpha0.9_fixed_l1": {
  "N": [
   1550,
   3100,
   6200,
   12400
  ],
  "n_res": [
   0.21731766253096713,
   0.21460160249646193,
   0.2132221468578659,
   0.21254883305341665
  ],
  "error_vs_bdf2_richardson": [
   0.0053750600862439435,
   0.002659000051738747,
   0.001279544413142708,
   0.0006062306086934699
  ]
 },
 "alpha0.95_fixed": {
  "N": [
   1550,
   3100,
   6200,
   12400
  ],
  "n_res": [
   0.1775547495644787,
   0.1767020114625792,
   0.17648847195899597,
   0.1764352816390366
  ],
  "successive_differences": [
   0.0008527381018995084,
   0.0002135395035832155,
   5.319031995937307e-05
  ],
  "observed_order": [
   1.9975997354740702,
   2.0052673644033474
  ],
  "richardson": 0.17641755153238348,
  "error_vs_richardson": [
   0.0011371980320952213,
   0.0002844599301957129,
   7.092042661249742e-05,
   1.7730106653124356e-05
  ]
 },
 "alpha0.95_naive": {
  "N": [
   1550,
   3100,
   6200,
   12400
  ],
  "n_res": [
   0.0909797506407421,
   0.09004651192355217,
   0.08981277324459519,
   0.08975454147113177
  ],
  "successive_differences": [
   0.0009332387171899215,
   0.00023373867895698508,
   5.823177346342412e-05
  ],
  "observed_order": [
   1.9973496712088474,
   2.0050180281153382
  ],
  "richardson": 0.0897351308799773,
  "error_vs_richardson": [
   0.0012446197607648007,
   0.0003113810435748793,
   7.76423646178942e-05,
   1.941059115447008e-05
  ]
 },
 "alpha0.95_notransport": {
  "N": [
   1550,
   3100,
   6200,
   12400
  ],
  "n_res": [
   0.12071573416052195,
   0.11960997024313313,
   0.11933132291898085,
   0.1192617304991086
  ],
  "successive_differences": [
   0.0011057639173888134,
   0.00027864732415228133,
   6.959241987225528e-05
  ],
  "observed_order": [
   1.9885311960213405,
   2.001438220411116
  ],
  "richardson": 0.11923853302581784,
  "error_vs_richardson": [
   0.0014772011347041064,
   0.000371437217315293,
   9.278989316301167e-05,
   2.3197473290756387e-05
  ]
 },
 "alpha0.95_fixed_l1": {
  "N": [
   1550,
   3100,
   6200,
   12400
  ],
  "n_res": [
   0.1867650828121375,
   0.18181095757741872,
   0.17913306512328492,
   0.1777574762130516
  ],
  "error_vs_bdf2_richardson": [
   0.010347531279754019,
   0.005393406045035243,
   0.0027155135909014416,
   0.0013399246806681253
  ]
 },
 "alpha0.98_fixed": {
  "N": [
   1550,
   3100,
   6200,
   12400
  ],
  "n_res": [
   0.15839468155823327,
   0.1566486061855374,
   0.15619128684668004,
   0.15607512020117942
  ],
  "successive_differences": [
   0.0017460753726958878,
   0.00045731933885734266,
   0.00011616664550062605
  ],
  "observed_order": [
   1.932842003606783,
   1.9770060357859036
  ],
  "richardson": 0.15603639798601254,
  "error_vs_richardson": [
   0.002358283572220732,
   0.0006122081995248441,
   0.0001548888606675014,
   3.872221516687535e-05
  ]
 },
 "alpha0.98_naive": {
  "N": [
   1550,
   3100,
   6200,
   12400
  ],
  "n_res": [
   0.11823736572846677,
   0.11644937844910191,
   0.11597827349038814,
   0.11585832750429359
  ],
  "successive_differences": [
   0.0017879872793648555,
   0.000471104958713775,
   0.00011994598609454954
  ],
  "observed_order": [
   1.924216049917375,
   1.97366363777844
  ],
  "richardson": 0.11581834550892874,
  "error_vs_richardson": [
   0.0024190202195380345,
   0.000631032940173179,
   0.000159927981459404,
   3.998199536485447e-05
  ]
 },
 "alpha0.98_notransport": {
  "N": [
   1550,
   3100,
   6200,
   12400
  ],
  "n_res": [
   0.1326474979119885,
   0.13075822336012355,
   0.1302591159405559,
   0.13013190678718883
  ],
  "successive_differences": [
   0.001889274551864939,
   0.000499107419567657,
   0.0001272091533670583
  ],
  "observed_order": [
   1.9204101155598314,
   1.9721478667847328
  ],
  "richardson": 0.13008950373606648,
  "error_vs_richardson": [
   0.002557994175922007,
   0.0006687196240570681,
   0.00016961220448941106,
   4.2403051122352764e-05
  ]
 },
 "alpha0.98_fixed_l1": {
  "N": [
   1550,
   3100,
   6200,
   12400
  ],
  "n_res": [
   0.1628118788772318,
   0.15930114107393184,
   0.1576359141825766,
   0.1568244196568198
  ],
  "error_vs_bdf2_richardson": [
   0.0067754808912192654,
   0.0032647430879192973,
   0.0015995161965640659,
   0.0007880216708072707
  ]
 }
}
test 4 {'one_minus_alpha_0.01': {'fixed': 0.003712002186004676, 'naive': 0.024723966096256295, 'notransport': 0.016850666193764408}, 'one_minus_alpha_0.001': {'fixed': 0.0007375036104430854, 'naive': 0.0029173725533690464, 'notransport': 0.0020385599068844795}, 'one_minus_alpha_0.0001': {'fixed': 7.734138706583238e-05, 'naive': 0.0002960330687793722, 'notransport': 0.00020706683008350768}}
test 5 {'fixed': 1.341203396363047e-16, 'naive': 0.0, 'notransport': 0.0, 'covariant': 0.0}
test 6 {'alpha0.7_fixed': 1.287717743547745e-08, 'alpha0.7_naive': 5.428935079265784e-12, 'alpha0.7_notransport': 2.1937729410836937e-11, 'alpha0.9_fixed': 3.3465786808406506e-09, 'alpha0.9_naive': 1.3614109839465982e-12, 'alpha0.9_notransport': 6.364503368772034e-11}
test 7 {'nu_0.1': {'exact': 1.1965324624457505, 'first_order': 1.2012319488020373, 'remainder': -0.004699486356286808, 'remainder_over_nu2': -0.4699486356286807}, 'nu_0.01': {'exact': 1.2393299034317395, 'first_order': 1.2393824465547774, 'remainder': -5.2543123037728824e-05, 'remainder_over_nu2': -0.5254312303772882}, 'nu_0.001': {'exact': 1.2431969652632808, 'first_order': 1.2431974963300512, 'remainder': -5.310667704394503e-07, 'remainder_over_nu2': -0.5310667704394503}}
test 8 3.60961260881254e-11
written data/verification.json
